// Jest Snapshot v1, https://goo.gl/fbAQLP

exports[`<Main /> should render the heading 1`] = `
.c0 {
  position: relative;
  --tw-bg-opacity: 1;
  background-color: rgba(255,255,255,var(--tw-bg-opacity));
}

<main
  class="c0"
>
  <div
    class="mx-auto max-w-7xl px-4 sm:px-6 lg:px-8"
  />
</main>
`
